// Jest Snapshot v1, https://goo.gl/fbAQLP

exports[`StarsRating renders properly 1`] = `<span><i class="fas fa-star fa-sm fa-fw text-warning"></i><i class="fas fa-star fa-sm fa-fw text-warning"></i><i class="fas fa-star fa-sm fa-fw text-warning"></i><i class="fas fa-star fa-sm fa-fw text-warning"></i><i class="fas fa-star fa-sm fa-fw text-gray-400"></i></span>`;
